[    0.000000] Linux version 4.15.0-135-generic (buildd@lgw01-amd64-005) (gcc version 7.5.0 (Ubuntu 7.5.0-3ubuntu1~18.04)) #139-Ubuntu SMP Mon Jan 18 17:38:24 UTC 2021 (Ubuntu 4.15.0-135.139-generic 4.15.18)
[    0.000000] Command line: BOOT_IMAGE=/boot/vmlinuz-4.15.0-135-generic root=LABEL=cloudimg-rootfs ro console=tty1 console=ttyS0
[    0.000000] KERNEL supported cpus:
[    0.000000]   Intel GenuineIntel
[    0.000000]   AMD AuthenticAMD
[    0.000000]   Centaur CentaurHauls
[    0.000000] [Firmware Bug]: TSC doesn't count with P0 frequency!
[    0.000000] x86/fpu: Supporting XSAVE feature 0x001: 'x87 floating point registers'
[    0.000000] x86/fpu: Supporting XSAVE feature 0x002: 'SSE registers'
[    0.000000] x86/fpu: Supporting XSAVE feature 0x004: 'AVX registers'
[    0.000000] x86/fpu: xstate_offset[2]:  576, xstate_sizes[2]:  256
[    0.000000] x86/fpu: Enabled xstate features 0x7, context size is 832 bytes, using 'standard' format.
[    0.000000] e820: BIOS-provided physical RAM map:
[    0.000000] BIOS-e820: [mem 0x0000000000000000-0x000000000009fbff] usable
[    0.000000] BIOS-e820: [mem 0x000000000009fc00-0x000000000009ffff] reserved
[    0.000000] BIOS-e820: [mem 0x00000000000f0000-0x00000000000fffff] reserved
[    0.000000] BIOS-e820: [mem 0x0000000000100000-0x000000001ffeffff] usable
[    0.000000] BIOS-e820: [mem 0x000000001fff0000-0x000000001fffffff] ACPI data
[    0.000000] BIOS-e820: [mem 0x00000000fec00000-0x00000000fec00fff] reserved
[    0.000000] BIOS-e820: [mem 0x00000000fee00000-0x00000000fee00fff] reserved
[    0.000000] BIOS-e820: [mem 0x00000000fffc0000-0x00000000ffffffff] reserved
[    0.000000] NX (Execute Disable) protection: active
[    0.000000] SMBIOS 2.5 present.
[    0.000000] DMI: innotek GmbH VirtualBox/VirtualBox, BIOS VirtualBox 12/01/2006
[    0.000000] Hypervisor detected: KVM
[    0.000000] e820: last_pfn = 0x1fff0 max_arch_pfn = 0x400000000
[    0.000000] MTRR: Disabled
[    0.000000] x86/PAT: MTRRs disabled, skipping PAT initialization too.
[    0.000000] CPU MTRRs all blank - virtualized system.
[    0.000000] x86/PAT: Configuration [0-7]: WB  WT  UC- UC  WB  WT  UC- UC  
[    0.000000] found SMP MP-table at [mem 0x0009fff0-0x0009ffff]
[    0.000000] Scanning 1 areas for low memory corruption
[    0.000000] RAMDISK: [mem 0x1db3a000-0x1edfffff]
[    0.000000] ACPI: Early table checksum verification disabled
[    0.000000] ACPI: RSDP 0x00000000000E0000 000024 (v02 VBOX  )
[    0.000000] ACPI: XSDT 0x000000001FFF0030 00003C (v01 VBOX   VBOXXSDT 00000001 ASL  00000061)
[    0.000000] ACPI: FACP 0x000000001FFF00F0 0000F4 (v04 VBOX   VBOXFACP 00000001 ASL  00000061)
[    0.000000] ACPI: DSDT 0x000000001FFF0470 002325 (v02 VBOX   VBOXBIOS 00000002 INTL 20100528)
[    0.000000] ACPI: FACS 0x000000001FFF0200 000040
[    0.000000] ACPI: FACS 0x000000001FFF0200 000040
[    0.000000] ACPI: APIC 0x000000001FFF0240 00005C (v02 VBOX   VBOXAPIC 00000001 ASL  00000061)
[    0.000000] ACPI: SSDT 0x000000001FFF02A0 0001CC (v01 VBOX   VBOXCPUT 00000002 INTL 20100528)
[    0.000000] No NUMA configuration found
[    0.000000] Faking a node at [mem 0x0000000000000000-0x000000001ffeffff]
[    0.000000] NODE_DATA(0) allocated [mem 0x1ffc5000-0x1ffeffff]
[    0.000000] kvm-clock: cpu 0, msr 0:1ff44001, primary cpu clock
[    0.000000] kvm-clock: Using msrs 4b564d01 and 4b564d00
[    0.000000] kvm-clock: using sched offset of 3755458897 cycles
[    0.000000] clocksource: kvm-clock: mask: 0xffffffffffffffff max_cycles: 0x1cd42e4dffb, max_idle_ns: 881590591483 ns
[    0.000000] Zone ranges:
[    0.000000]   DMA      [mem 0x0000000000001000-0x0000000000ffffff]
[    0.000000]   DMA32    [mem 0x0000000001000000-0x000000001ffeffff]
[    0.000000]   Normal   empty
[    0.000000]   Device   empty
[    0.000000] Movable zone start for each node
[    0.000000] Early memory node ranges
[    0.000000]   node   0: [mem 0x0000000000001000-0x000000000009efff]
[    0.000000]   node   0: [mem 0x0000000000100000-0x000000001ffeffff]
[    0.000000] Reserved but unavailable: 98 pages
[    0.000000] Initmem setup node 0 [mem 0x0000000000001000-0x000000001ffeffff]
[    0.000000] ACPI: PM-Timer IO Port: 0x4008
[    0.000000] IOAPIC[0]: apic_id 2, version 32, address 0xfec00000, GSI 0-23
[    0.000000] ACPI: INT_SRC_OVR (bus 0 bus_irq 0 global_irq 2 dfl dfl)
[    0.000000] ACPI: INT_SRC_OVR (bus 0 bus_irq 9 global_irq 9 low level)
[    0.000000] Using ACPI (MADT) for SMP configuration information
[    0.000000] smpboot: Allowing 2 CPUs, 0 hotplug CPUs
[    0.000000] PM: Registered nosave memory: [mem 0x00000000-0x00000fff]
[    0.000000] PM: Registered nosave memory: [mem 0x0009f000-0x0009ffff]
[    0.000000] PM: Registered nosave memory: [mem 0x000a0000-0x000effff]
[    0.000000] PM: Registered nosave memory: [mem 0x000f0000-0x000fffff]
[    0.000000] e820: [mem 0x20000000-0xfebfffff] available for PCI devices
[    0.000000] Booting paravirtualized kernel on KVM
[    0.000000] clocksource: refined-jiffies: mask: 0xffffffff max_cycles: 0xffffffff, max_idle_ns: 7645519600211568 ns
[    0.000000] random: get_random_bytes called from start_kernel+0x99/0x500 with crng_init=0
[    0.000000] setup_percpu: NR_CPUS:8192 nr_cpumask_bits:2 nr_cpu_ids:2 nr_node_ids:1
[    0.000000] percpu: Embedded 45 pages/cpu s147456 r8192 d28672 u1048576
[    0.000000] PV qspinlock hash table entries: 256 (order: 0, 4096 bytes)
[    0.000000] Built 1 zonelists, mobility grouping on.  Total pages: 128889
[    0.000000] Policy zone: DMA32
[    0.000000] Kernel command line: BOOT_IMAGE=/boot/vmlinuz-4.15.0-135-generic root=LABEL=cloudimg-rootfs ro console=tty1 console=ttyS0
[    0.000000] Memory: 466924K/523832K available (12300K kernel code, 2482K rwdata, 4276K rodata, 2440K init, 2724K bss, 56908K reserved, 0K cma-reserved)
[    0.000000] SLUB: HWalign=64, Order=0-3, MinObjects=0, CPUs=2, Nodes=1
[    0.000000] ftrace: allocating 39422 entries in 154 pages
[    0.004000] Hierarchical RCU implementation.
[    0.004000] 	RCU restricting CPUs from NR_CPUS=8192 to nr_cpu_ids=2.
[    0.004000] 	Tasks RCU enabled.
[    0.004000] RCU: Adjusting geometry for rcu_fanout_leaf=16, nr_cpu_ids=2
[    0.004000] NR_IRQS: 524544, nr_irqs: 440, preallocated irqs: 16
[    0.004000] Console: colour VGA+ 80x25
[    0.004000] console [tty1] enabled
[    0.004000] console [ttyS0] enabled
[    0.004000] ACPI: Core revision 20170831
[    0.004000] ACPI: 2 ACPI AML tables successfully acquired and loaded
[    0.004000] APIC: Switch to symmetric I/O mode setup
[    0.004000] x2apic enabled
[    0.004000] Switched APIC routing to physical x2apic.
[    0.004000] ..TIMER: vector=0x30 apic1=0 pin1=2 apic2=-1 pin2=-1
[    0.004000] tsc: Detected 3393.618 MHz processor
[    0.004000] Calibrating delay loop (skipped) preset value.. 6787.23 BogoMIPS (lpj=13574472)
[    0.004000] pid_max: default: 32768 minimum: 301
[    0.004000] Security Framework initialized
[    0.004000] Yama: becoming mindful.
[    0.004000] AppArmor: AppArmor initialized
[    0.004000] Dentry cache hash table entries: 65536 (order: 7, 524288 bytes)
[    0.004000] Inode-cache hash table entries: 32768 (order: 6, 262144 bytes)
[    0.004000] Mount-cache hash table entries: 1024 (order: 1, 8192 bytes)
[    0.004000] Mountpoint-cache hash table entries: 1024 (order: 1, 8192 bytes)
[    0.004000] Last level iTLB entries: 4KB 1024, 2MB 1024, 4MB 512
[    0.004000] Last level dTLB entries: 4KB 1536, 2MB 1536, 4MB 768, 1GB 0
[    0.004000] Spectre V1 : Mitigation: usercopy/swapgs barriers and __user pointer sanitization
[    0.004000] Spectre V2 : Spectre mitigation: LFENCE not serializing, switching to generic retpoline
[    0.004000] Spectre V2 : Mitigation: Full generic retpoline
[    0.004000] Spectre V2 : Spectre v2 / SpectreRSB mitigation: Filling RSB on context switch
[    0.004011] Speculative Store Bypass: Mitigation: Speculative Store Bypass disabled via prctl and seccomp
[    0.005401] Freeing SMP alternatives memory: 36K
[    0.123156] smpboot: CPU0: AMD Ryzen 5 2600 Six-Core Processor (family: 0x17, model: 0x8, stepping: 0x2)
[    0.124000] Performance Events: PMU not available due to virtualization, using software events only.
[    0.124000] Hierarchical SRCU implementation.
[    0.124348] NMI watchdog: Perf event create on CPU 0 failed with -2
[    0.125155] NMI watchdog: Perf NMI watchdog permanently disabled
[    0.125991] smp: Bringing up secondary CPUs ...
[    0.126673] x86: Booting SMP configuration:
[    0.127248] .... node  #0, CPUs:      #1
[    0.004000] kvm-clock: cpu 1, msr 0:1ff44041, secondary cpu clock
[    0.130794] smp: Brought up 1 node, 2 CPUs
[    0.130794] smpboot: Max logical packages: 1
[    0.130794] smpboot: Total of 2 processors activated (13574.47 BogoMIPS)
[    0.132165] devtmpfs: initialized
[    0.132567] x86/mm: Memory block size: 128MB
[    0.133396] evm: security.selinux
[    0.133888] evm: security.SMACK64
[    0.134406] evm: security.SMACK64EXEC
[    0.136012] evm: security.SMACK64TRANSMUTE
[    0.136590] evm: security.SMACK64MMAP
[    0.137135] evm: security.apparmor
[    0.137602] evm: security.ima
[    0.138026] evm: security.capability
[    0.138735] clocksource: jiffies: mask: 0xffffffff max_cycles: 0xffffffff, max_idle_ns: 7645041785100000 ns
[    0.140016] futex hash table entries: 512 (order: 3, 32768 bytes)
[    0.140872] pinctrl core: initialized pinctrl subsystem
[    0.141662] RTC time:  0:16:50, date: 02/11/21
[    0.142387] NET: Registered protocol family 16
[    0.143039] audit: initializing netlink subsys (disabled)
[    0.144033] audit: type=2000 audit(1613002615.328:1): state=initialized audit_enabled=0 res=1
[    0.145063] cpuidle: using governor ladder
[    0.145063] cpuidle: using governor menu
[    0.145063] ACPI: bus type PCI registered
[    0.145063] acpiphp: ACPI Hot Plug PCI Controller Driver version: 0.5
[    0.145063] PCI: Using configuration type 1 for base access
[    0.145063] PCI: Using configuration type 1 for extended access
[    0.148772] HugeTLB registered 2.00 MiB page size, pre-allocated 0 pages
[    0.148847] ACPI: Added _OSI(Module Device)
[    0.148847] ACPI: Added _OSI(Processor Device)
[    0.149568] ACPI: Added _OSI(3.0 _SCP Extensions)
[    0.150251] ACPI: Added _OSI(Processor Aggregator Device)
[    0.150961] ACPI: Added _OSI(Linux-Dell-Video)
[    0.151546] ACPI: Added _OSI(Linux-Lenovo-NV-HDMI-Audio)
[    0.152009] ACPI: Added _OSI(Linux-HPI-Hybrid-Graphics)
[    0.152934] ACPI: Executed 1 blocks of module-level executable AML code
[    0.158328] ACPI: Interpreter enabled
[    0.158852] ACPI: (supports S0 S5)
[    0.159291] ACPI: Using IOAPIC for interrupt routing
[    0.160201] PCI: Using host bridge windows from ACPI; if necessary, use "pci=nocrs" and report a bug
[    0.161471] ACPI: Enabled 2 GPEs in block 00 to 07
[    0.167723] ACPI: PCI Root Bridge [PCI0] (domain 0000 [bus 00-ff])
[    0.168007] acpi PNP0A03:00: _OSC: OS supports [ExtendedConfig ASPM ClockPM Segments MSI]
[    0.170037] acpi PNP0A03:00: _OSC: platform does not support [PCIeCapability]
[    0.171409] acpi PNP0A03:00: _OSC: not requesting control; platform does not support [PCIeCapability]
[    0.172006] acpi PNP0A03:00: _OSC: OS requested [PCIeHotplug PME AER PCIeCapability]
[    0.172992] acpi PNP0A03:00: _OSC: platform willing to grant [PCIeHotplug PME AER]
[    0.173935] acpi PNP0A03:00: _OSC failed (AE_SUPPORT); disabling ASPM
[    0.175088] PCI host bridge to bus 0000:00
[    0.176004] pci_bus 0000:00: root bus resource [io  0x0000-0x0cf7 window]
[    0.176852] pci_bus 0000:00: root bus resource [io  0x0d00-0xffff window]
[    0.177695] pci_bus 0000:00: root bus resource [mem 0x000a0000-0x000bffff window]
[    0.179150] pci_bus 0000:00: root bus resource [mem 0x20000000-0xfdffffff window]
[    0.180003] pci_bus 0000:00: root bus resource [bus 00-ff]
[    0.182316] pci 0000:00:01.1: legacy IDE quirk: reg 0x10: [io  0x01f0-0x01f7]
[    0.183185] pci 0000:00:01.1: legacy IDE quirk: reg 0x14: [io  0x03f6]
[    0.184003] pci 0000:00:01.1: legacy IDE quirk: reg 0x18: [io  0x0170-0x0177]
[    0.184866] pci 0000:00:01.1: legacy IDE quirk: reg 0x1c: [io  0x0376]
[    0.193380] pci 0000:00:07.0: quirk: [io  0x4000-0x403f] claimed by PIIX4 ACPI
[    0.194336] pci 0000:00:07.0: quirk: [io  0x4100-0x410f] claimed by PIIX4 SMB
[    0.200419] ACPI: PCI Interrupt Link [LNKA] (IRQs 5 9 10 *11)
[    0.201592] ACPI: PCI Interrupt Link [LNKB] (IRQs 5 9 *10 11)
[    0.202509] ACPI: PCI Interrupt Link [LNKC] (IRQs 5 *9 10 11)
[    0.203478] ACPI: PCI Interrupt Link [LNKD] (IRQs 5 9 10 *11)
[    0.204404] SCSI subsystem initialized
[    0.208075] pci 0000:00:02.0: vgaarb: setting as boot VGA device
[    0.208954] pci 0000:00:02.0: vgaarb: VGA device added: decodes=io+mem,owns=io+mem,locks=none
[    0.210096] pci 0000:00:02.0: vgaarb: bridge control possible
[    0.210096] vgaarb: loaded
[    0.210096] ACPI: bus type USB registered
[    0.210096] usbcore: registered new interface driver usbfs
[    0.210096] usbcore: registered new interface driver hub
[    0.212003] usbcore: registered new device driver usb
[    0.212020] EDAC MC: Ver: 3.0.0
[    0.212212] PCI: Using ACPI for IRQ routing
[    0.216008] NetLabel: Initializing
[    0.216008] NetLabel:  domain hash size = 128
[    0.216008] NetLabel:  protocols = UNLABELED CIPSOv4 CALIPSO
[    0.216008] NetLabel:  unlabeled traffic allowed by default
[    0.216069] clocksource: Switched to clocksource kvm-clock
[    0.227853] VFS: Disk quotas dquot_6.6.0
[    0.228536] VFS: Dquot-cache hash table entries: 512 (order 0, 4096 bytes)
[    0.229474] AppArmor: AppArmor Filesystem Enabled
[    0.230119] pnp: PnP ACPI init
[    0.231388] pnp: PnP ACPI: found 3 devices
[    0.240411] clocksource: acpi_pm: mask: 0xffffff max_cycles: 0xffffff, max_idle_ns: 2085701024 ns
[    0.241622] NET: Registered protocol family 2
[    0.242340] TCP established hash table entries: 4096 (order: 3, 32768 bytes)
[    0.243193] TCP bind hash table entries: 4096 (order: 4, 65536 bytes)
[    0.243996] TCP: Hash tables configured (established 4096 bind 4096)
[    0.244842] UDP hash table entries: 256 (order: 1, 8192 bytes)
[    0.245587] UDP-Lite hash table entries: 256 (order: 1, 8192 bytes)
[    0.246461] NET: Registered protocol family 1
[    0.247055] pci 0000:00:00.0: Limiting direct PCI/PCI transfers
[    0.247836] pci 0000:00:01.0: Activating ISA DMA hang workarounds
[    0.248688] pci 0000:00:02.0: Video device with shadowed ROM at [mem 0x000c0000-0x000dffff]
[    0.249919] Unpacking initramfs...
[    0.520366] Freeing initrd memory: 19224K
[    0.521034] clocksource: tsc: mask: 0xffffffffffffffff max_cycles: 0x30eac19cc8f, max_idle_ns: 440795211151 ns
[    0.522328] platform rtc_cmos: registered platform RTC device (no PNP device found)
[    0.523330] Scanning for low memory corruption every 60 seconds
[    0.524694] Initialise system trusted keyrings
[    0.525295] Key type blacklist registered
[    0.525875] workingset: timestamp_bits=36 max_order=17 bucket_order=0
[    0.527375] zbud: loaded
[    0.528271] squashfs: version 4.0 (2009/01/31) Phillip Lougher
[    0.529148] fuse init (API version 7.26)
[    0.533380] Key type asymmetric registered
[    0.533910] Asymmetric key parser 'x509' registered
[    0.534542] Block layer SCSI generic (bsg) driver version 0.4 loaded (major 246)
[    0.535513] io scheduler noop registered
[    0.536022] io scheduler deadline registered
[    0.536642] io scheduler cfq registered (default)
[    0.537452] ACPI: AC Adapter [AC] (on-line)
[    0.538033] input: Power Button as /devices/LNXSYSTM:00/LNXPWRBN:00/input/input0
[    0.538982] ACPI: Power Button [PWRF]
[    0.539498] input: Sleep Button as /devices/LNXSYSTM:00/LNXSLPBN:00/input/input1
[    0.540438] ACPI: Sleep Button [SLPF]
[    0.541168] Serial: 8250/16550 driver, 32 ports, IRQ sharing enabled
[    0.562440] 00:02: ttyS0 at I/O 0x3f8 (irq = 4, base_baud = 115200) is a 16550A
[    0.565408] Linux agpgart interface v0.103
[    0.567118] loop: module loaded
[    0.567952] scsi host0: ata_piix
[    0.568538] scsi host1: ata_piix
[    0.568987] ata1: PATA max UDMA/33 cmd 0x1f0 ctl 0x3f6 bmdma 0xd000 irq 14
[    0.569872] ata2: PATA max UDMA/33 cmd 0x170 ctl 0x376 bmdma 0xd008 irq 15
[    0.570905] libphy: Fixed MDIO Bus: probed
[    0.571434] tun: Universal TUN/TAP device driver, 1.6
[    0.572133] PPP generic driver version 2.4.2
[    0.572723] ehci_hcd: USB 2.0 'Enhanced' Host Controller (EHCI) Driver
[    0.573504] ehci-pci: EHCI PCI platform driver
[    0.574080] ehci-platform: EHCI generic platform driver
[    0.574719] ohci_hcd: USB 1.1 'Open' Host Controller (OHCI) Driver
[    0.575461] ohci-pci: OHCI PCI platform driver
[    0.576059] ohci-platform: OHCI generic platform driver
[    0.576711] uhci_hcd: USB Universal Host Controller Interface driver
[    0.577581] i8042: PNP: PS/2 Controller [PNP0303:PS2K,PNP0f03:PS2M] at 0x60,0x64 irq 1,12
[    0.579023] serio: i8042 KBD port at 0x60,0x64 irq 1
[    0.579681] serio: i8042 AUX port at 0x60,0x64 irq 12
[    0.580441] mousedev: PS/2 mouse device common for all mice
[    0.581615] input: AT Translated Set 2 keyboard as /devices/platform/i8042/serio0/input/input2
[    0.582722] rtc_cmos rtc_cmos: rtc core: registered rtc_cmos as rtc0
[    0.583668] rtc_cmos rtc_cmos: alarms up to one day, 114 bytes nvram
[    0.584476] i2c /dev entries driver
[    0.584983] device-mapper: uevent: version 1.0.3
[    0.585666] device-mapper: ioctl: 4.37.0-ioctl (2017-09-20) initialised: dm-devel@redhat.com
[    0.586769] ledtrig-cpu: registered to indicate activity on CPUs
[    0.587871] NET: Registered protocol family 10
[    0.590964] Segment Routing with IPv6
[    0.591462] NET: Registered protocol family 17
[    0.592105] Key type dns_resolver registered
[    0.592790] mce: Using 0 MCE banks
[    0.593247] RAS: Correctable Errors collector initialized.
[    0.593932] sched_clock: Marking stable (592768174, 0)->(712639605, -119871431)
[    0.595160] registered taskstats version 1
[    0.595713] Loading compiled-in X.509 certificates
[    0.597866] Loaded X.509 cert 'Build time autogenerated kernel key: 399a566a2ea98257ce6f7132c633527e9761cd56'
[    0.599068] zswap: loaded using pool lzo/zbud
[    0.601798] Key type big_key registered
[    0.602296] Key type trusted registered
[    0.603830] Key type encrypted registered
[    0.604389] AppArmor: AppArmor sha1 policy hashing enabled
[    0.605061] ima: No TPM chip found, activating TPM-bypass! (rc=-19)
[    0.605816] ima: Allocated hash algorithm: sha1
[    0.606396] evm: HMAC attrs: 0x1
[    0.607019]   Magic number: 9:516:253
[    0.607573] rtc_cmos rtc_cmos: setting system clock to 2021-02-11 00:16:50 UTC (1613002610)
[    0.608684] BIOS EDD facility v0.16 2004-Jun-25, 0 devices found
[    0.609421] EDD information not available.
[    0.798172] Freeing unused kernel image memory: 2440K
[    1.124641] Write protecting the kernel read-only data: 20480k
[    1.126002] Freeing unused kernel image memory: 2008K
[    1.126945] Freeing unused kernel image memory: 1868K
[    1.133777] x86/mm: Checked W+X mappings: passed, no W+X pages found.
Loading, please wait...
starting version 237
[    1.177278] e1000: Intel(R) PRO/1000 Network Driver - version 7.3.21-k8-NAPI
[    1.178232] e1000: Copyright (c) 1999-2006 Intel Corporation.
[    1.182341] Fusion MPT base driver 3.04.20
[    1.182907] Copyright (c) 1999-2008 LSI Corporation
[    1.186536] Fusion MPT SPI Host driver 3.04.20
[    1.197319] AVX2 version of gcm_enc/dec engaged.
[    1.197946] AES CTR mode by8 optimization enabled
[    1.389250] input: ImExPS/2 Generic Explorer Mouse as /devices/platform/i8042/serio1/input/input4
[    1.535681] e1000 0000:00:03.0 eth0: (PCI:33MHz:32-bit) 02:ed:54:94:72:f1
[    1.536589] e1000 0000:00:03.0 eth0: Intel(R) PRO/1000 Network Connection
[    1.538109] mptbase: ioc0: Initiating bringup
[    1.652373] ioc0: LSI53C1030 A0: Capabilities={Initiator}
[    1.893579] scsi host2: ioc0: LSI53C1030 A0, FwRev=00000000h, Ports=1, MaxQ=256, IRQ=20
[    2.501543] scsi 2:0:0:0: Direct-Access     VBOX     HARDDISK         1.0  PQ: 0 ANSI: 5
[    2.664185] scsi target2:0:0: Beginning Domain Validation
[    2.665901] scsi target2:0:0: Domain Validation skipping write tests
[    2.667104] scsi target2:0:0: Ending Domain Validation
[    2.668011] scsi target2:0:0: asynchronous
[    2.669438] scsi 2:0:1:0: Direct-Access     VBOX     HARDDISK         1.0  PQ: 0 ANSI: 5
[    2.860225] scsi target2:0:1: Beginning Domain Validation
[    2.861685] scsi target2:0:1: Domain Validation skipping write tests
[    2.862503] scsi target2:0:1: Ending Domain Validation
[    2.863176] random: fast init done
[    2.863642] scsi target2:0:1: asynchronous
[    2.867292] random: systemd-udevd: uninitialized urandom read (16 bytes read)
[    2.867374] sd 2:0:0:0: Attached scsi generic sg0 type 0
[    2.869359] random: systemd-udevd: uninitialized urandom read (16 bytes read)
[    2.870147] sd 2:0:0:0: [sda] 83886080 512-byte logical blocks: (42.9 GB/40.0 GiB)
[    2.871607] random: systemd-udevd: uninitialized urandom read (16 bytes read)
[    2.872829] sd 2:0:0:0: [sda] Write Protect is off
[    2.874487] sd 2:0:1:0: Attached scsi generic sg1 type 0
[    2.875343] sd 2:0:0:0: [sda] Incomplete mode parameter data
[    2.876126] sd 2:0:0:0: [sda] Assuming drive cache: write through
[    2.876165] sd 2:0:1:0: [sdb] 20480 512-byte logical blocks: (10.5 MB/10.0 MiB)
[    2.879718] sd 2:0:1:0: [sdb] Write Protect is off
[    2.880576] sd 2:0:1:0: [sdb] Incomplete mode parameter data
[    2.881304] sd 2:0:1:0: [sdb] Assuming drive cache: write through
[    2.891751] e1000 0000:00:08.0 eth1: (PCI:33MHz:32-bit) 08:00:27:88:a1:e0
[    2.892709] e1000 0000:00:08.0 eth1: Intel(R) PRO/1000 Network Connection
[    2.894525] e1000 0000:00:08.0 enp0s8: renamed from eth1
[    2.901032]  sda: sda1
[    2.901853] sd 2:0:0:0: [sda] Attached SCSI disk
[    2.908234] e1000 0000:00:03.0 enp0s3: renamed from eth0
[    2.928448] sd 2:0:1:0: [sdb] Attached SCSI disk
Begin: Loading essential drivers ... [    4.373804] raid6: sse2x1   gen()  8417 MB/s
[    4.420705] raid6: sse2x1   xor()  7692 MB/s
[    4.469543] raid6: sse2x2   gen() 15845 MB/s
[    4.516445] raid6: sse2x2   xor() 10677 MB/s
[    4.564328] raid6: sse2x4   gen() 17090 MB/s
[    4.612207] raid6: sse2x4   xor()  7360 MB/s
[    4.661069] raid6: avx2x1   gen() 19877 MB/s
[    4.709922] raid6: avx2x1   xor() 14037 MB/s
[    4.756874] raid6: avx2x2   gen() 24591 MB/s
[    4.805679] raid6: avx2x2   xor() 15599 MB/s
[    4.852584] raid6: avx2x4   gen() 25472 MB/s
[    4.900193] raid6: avx2x4   xor()  8850 MB/s
[    4.900921] raid6: using algorithm avx2x4 gen() 25472 MB/s
[    4.901710] raid6: .... xor() 8850 MB/s, rmw enabled
[    4.902417] raid6: using avx2x2 recovery algorithm
[    4.904031] xor: automatically using best checksumming function   avx       
[    4.905571] async_tx: api initialized (async)
done.
Begin: Running /scripts/init-premount ... done.
Begin: Mounting root file system ... Begin: Running /scripts/local-top ... done.
Begin: Running /scripts/local-premount ... [    4.940962] Btrfs loaded, crc32c=crc32c-intel
Scanning for Btrfs filesystems
done.
Warning: fsck not present, so skipping root file system
[    4.982794] EXT4-fs (sda1): mounted filesystem with ordered data mode. Opts: (null)
done.
Begin: Running /scripts/local-bottom ... done.
Begin: Running /scripts/init-bottom ... done.
[    5.776322] ip_tables: (C) 2000-2006 Netfilter Core Team
[    5.850406] systemd[1]: systemd 237 running in system mode. (+PAM +AUDIT +SELINUX +IMA +APPARMOR +SMACK +SYSVINIT +UTMP +LIBCRYPTSETUP +GCRYPT +GNUTLS +ACL +XZ +LZ4 +SECCOMP +BLKID +ELFUTILS +KMOD -IDN2 +IDN -PCRE2 default-hierarchy=hybrid)
[    5.853896] systemd[1]: Detected virtualization oracle.
[    5.854561] systemd[1]: Detected architecture x86-64.

Welcome to [1mUbuntu 18.04.5 LTS[0m!

[    5.905179] systemd[1]: Set hostname to <xilito>.
[    6.788766] random: crng init done
[    6.789256] random: 7 urandom warning(s) missed due to ratelimiting
[    7.869741] systemd[1]: Created slice User and Session Slice.
[[0;32m  OK  [0m] Created slice User and Session Slice.
[    7.871254] systemd[1]: Reached target User and Group Name Lookups.
[[0;32m  OK  [0m] Reached target User and Group Name Lookups.
[    7.872729] systemd[1]: Reached target Swap.
[[0;32m  OK  [0m] Reached target Swap.
[    7.874000] systemd[1]: Created slice System Slice.
[[0;32m  OK  [0m] Created slice System Slice.
[    7.875232] systemd[1]: Listening on /dev/initctl Compatibility Named Pipe.
[[0;32m  OK  [0m] Listening on /dev/initctl Compatibility Named Pipe.
[    7.876917] systemd[1]: Listening on Network Service Netlink Socket.
[[0;32m  OK  [0m] Listening on Network Service Netlink Socket.
[[0;32m  OK  [0m] Listening on LVM2 metadata daemon socket.
[[0;32m  OK  [0m] Listening on Journal Socket (/dev/log).
[[0;32m  OK  [0m] Reached target System Time Synchronized.
[[0;32m  OK  [0m] Started Forward Password Requests to Wall Directory Watch.
[[0;32m  OK  [0m] Listening on udev Kernel Socket.
[[0;32m  OK  [0m] Listening on Device-mapper event daemon FIFOs.
[[0;32m  OK  [0m] Listening on Syslog Socket.
[[0;32m  OK  [0m] Created slice system-serial\x2dgetty.slice.
[[0;32m  OK  [0m] Set up automount Arbitrary Executabâ€¦rmats File System Automount Point.
[[0;32m  OK  [0m] Listening on LVM2 poll daemon socket.
[[0;32m  OK  [0m] Reached target Slices.
[[0;32m  OK  [0m] Listening on udev Control Socket.
[[0;32m  OK  [0m] Listening on Journal Socket.
         Starting Create list of required stâ€¦ce nodes for the current kernel...
         Starting Monitoring of LVM2 mirrorsâ€¦ng dmeventd or progress polling...
         Starting Remount Root and Kernel File Systems...
         Starting udev Coldplug all Devices...
         Mounting POSIX Message Queue File System...
         Starting Load Kernel Modules...
         Mounting Huge Pages File System...
         Mounting Kernel Debug File System...
         Starting Uncomplicated firewall...
         Starting Set the console keyboard layout...
[[0;32m  OK  [0m] Listening on Journal Audit Socket.
         Starting Journal Service...
[[0;32m  OK  [0m] Started udev Coldplug all Devices.
[[0;32m  OK  [0m] Started Create list of required staâ€¦vice nodes for the current kernel.
         Starting Create Static Device Nodes in /dev...
[    8.107120] EXT4-fs (sda1): re-mounted. Opts: (null)
[[0;32m  OK  [0m] Mounted POSIX Message Queue File System.
[[0;32m  OK  [0m] Mounted Huge Pages File System.
[[0;32m  OK  [0m] Started Remount Root and Kernel File Systems.
[[0;32m  OK  [0m] Mounted Kernel Debug File System.
         Starting Load/Save Random Seed...
[[0;32m  OK  [0m] Started Journal Service.
[[0;32m  OK  [0m] Started Uncomplicated firewall.
         Starting Flush Journal to Persistent Storage...
[    9.122242] Loading iSCSI transport class v2.0-870.
[[0;32m  OK  [0m] Started Load/Save Random Seed.
[    9.170325] systemd-journald[422]: Received request to flush runtime journal from PID 1
[[0;32m  OK  [0m] Started LVM2 metadata daemon.
[[0;32m  OK  [0m] Started Create Static Device Nodes in /dev.
         Starting udev Kernel Device Manager...
[    9.266010] iscsi: registered transport (tcp)
[    9.285370] iscsi: registered transport (iser)
[[0;32m  OK  [0m] Started Load Kernel Modules.
         Starting Apply Kernel Variables...
         Mounting FUSE Control File System...
         Mounting Kernel Configuration File System...
[[0;32m  OK  [0m] Mounted FUSE Control File System.
[[0;32m  OK  [0m] Mounted Kernel Configuration File System.
[[0;32m  OK  [0m] Started Apply Kernel Variables.
[[0;32m  OK  [0m] Started Set the console keyboard layout.
[[0;32m  OK  [0m] Started Monitoring of LVM2 mirrors,â€¦sing dmeventd or progress polling.
[[0;32m  OK  [0m] Reached target Local File Systems (Pre).
[[0;32m  OK  [0m] Reached target Local File Systems.
         Starting ebtables ruleset management...
         Starting Tell Plymouth To Write Out Runtime Data...
         Starting Set console font and keymap...
         Starting AppArmor initialization...
         Mounting /vagrant...
[[0;32m  OK  [0m] Started udev Kernel Device Manager.
[[0;32m  OK  [0m] Started Tell Plymouth To Write Out Runtime Data.
[[0;32m  OK  [0m] Started Set console font and keymap.
[[0;32m  OK  [0m] Started Dispatch Password Requests to Console Directory Watch.
[[0;32m  OK  [0m] Reached target Local Encrypted Volumes.
[[0;32m  OK  [0m] Mounted /vagrant.
[[0;32m  OK  [0m] Started Flush Journal to Persistent Storage.
         Starting Create Volatile Files and Directories...
[[0;32m  OK  [0m] Started Create Volatile Files and Directories.
         Starting Update UTMP about System Boot/Shutdown...
[[0;32m  OK  [0m] Found device /dev/ttyS0.
[[0;32m  OK  [0m] Started Update UTMP about System Boot/Shutdown.
[[0;32m  OK  [0m] Started ebtables ruleset management.
[[0;32m  OK  [0m] Listening on Load/Save RF Kill Switch Status /dev/rfkill Watch.
[[0;32m  OK  [0m] Started AppArmor initialization.
         Starting Load AppArmor profiles managed internally by snapd...
         Starting Initial cloud-init job (pre-networking)...
[[0;32m  OK  [0m] Started Load AppArmor profiles managed internally by snapd.
[   17.761985] cloud-init[570]: Cloud-init v. 20.4.1-0ubuntu1~18.04.1 running 'init-local' at Thu, 11 Feb 2021 00:17:07 +0000. Up 17.39 seconds.
[[0;32m  OK  [0m] Started Initial cloud-init job (pre-networking).
[[0;32m  OK  [0m] Reached target Network (Pre).
         Starting Network Service...
[[0;32m  OK  [0m] Started Network Service.
         Starting Network Name Resolution...
         Starting Wait for Network to be Configured...
[[0;32m  OK  [0m] Started Network Name Resolution.
[[0;32m  OK  [0m] Reached target Network.
[[0;32m  OK  [0m] Reached target Host and Network Name Lookups.
[[0;32m  OK  [0m] Started Wait for Network to be Configured.
         Starting Initial cloud-init job (metadata service crawler)...
[   20.046859] cloud-init[696]: Cloud-init v. 20.4.1-0ubuntu1~18.04.1 running 'init' at Thu, 11 Feb 2021 00:17:09 +0000. Up 19.90 seconds.
[   20.048226] cloud-init[696]: ci-info: ++++++++++++++++++++++++++++++++++++++Net device info+++++++++++++++++++++++++++++++++++++++
[   20.049310] cloud-init[696]: ci-info: +--------+------+-----------------------------+---------------+--------+-------------------+
[   20.050562] cloud-init[696]: ci-info: | Device |  Up  |           Address           |      Mask     | Scope  |     Hw-Address    |
[   20.051830] cloud-init[696]: ci-info: +--------+------+-----------------------------+---------------+--------+-------------------+
[   20.053030] cloud-init[696]: ci-info: | enp0s3 | True |          10.0.2.15          | 255.255.255.0 | global | 02:ed:54:94:72:f1 |
[   20.054227] cloud-init[696]: ci-info: | enp0s3 | True |  fe80::ed:54ff:fe94:72f1/64 |       .       |  link  | 02:ed:54:94:72:f1 |
[   20.055368] cloud-init[696]: ci-info: | enp0s8 | True |        192.168.1.206        | 255.255.255.0 | global | 08:00:27:88:a1:e0 |
[   20.056570] cloud-init[696]: ci-info: | enp0s8 | True | fe80::a00:27ff:fe88:a1e0/64 |       .       |  link  | 08:00:27:88:a1:e0 |
[   20.057612] cloud-init[696]: ci-info: |   lo   | True |          127.0.0.1          |   255.0.0.0   |  host  |         .         |
[   20.058765] cloud-init[696]: ci-info: |   lo   | True |           ::1/128           |       .       |  host  |         .         |
[   20.059847] cloud-init[696]: ci-info: +--------+------+-----------------------------+---------------+--------+-------------------+
[   20.061000] cloud-init[696]: ci-info: ++++++++++++++++++++++++++++Route IPv4 info+++++++++++++++++++++++++++++
[   20.061986] cloud-init[696]: ci-info: +-------+-------------+----------+-----------------+-----------+-------+
[   20.062945] cloud-init[696]: ci-info: | Route | Destination | Gateway  |     Genmask     | Interface | Flags |
[   20.063992] cloud-init[696]: ci-info: +-------+-------------+----------+-----------------+-----------+-------+
[   20.065031] cloud-init[696]: ci-info: |   0   |   0.0.0.0   | 10.0.2.2 |     0.0.0.0     |   enp0s3  |   UG  |
[   20.066036] cloud-init[696]: ci-info: |   1   |   10.0.2.0  | 0.0.0.0  |  255.255.255.0  |   enp0s3  |   U   |
[   20.066990] cloud-init[696]: ci-info: |   2   |   10.0.2.2  | 0.0.0.0  | 255.255.255.255 |   enp0s3  |   UH  |
[   20.067977] cloud-init[696]: ci-info: |   3   | 192.168.1.0 | 0.0.0.0  |  255.255.255.0  |   enp0s8  |   U   |
[   20.068931] cloud-init[696]: ci-info: +-------+-------------+----------+-----------------+-----------+-------+
[   20.080588] cloud-init[696]: ci-info: +++++++++++++++++++Route IPv6 info+++++++++++++++++++
[   20.092252] cloud-init[696]: ci-info: +-------+-------------+---------+-----------+-------+
[   20.093082] cloud-init[696]: ci-info: | Route | Destination | Gateway | Interface | Flags |
[   20.093913] cloud-init[696]: ci-info: +-------+-------------+---------+-----------+-------+
[   20.094775] cloud-init[696]: ci-info: |   1   |  fe80::/64  |    ::   |   enp0s8  |   U   |
[   20.095632] cloud-init[696]: ci-info: |   2   |  fe80::/64  |    ::   |   enp0s3  |   U   |
[   20.096471] cloud-init[696]: ci-info: |   4   |    local    |    ::   |   enp0s3  |   U   |
[   20.097274] cloud-init[696]: ci-info: |   5   |    local    |    ::   |   enp0s8  |   U   |
[   20.098263] cloud-init[696]: ci-info: |   6   |   ff00::/8  |    ::   |   enp0s8  |   U   |
[   20.099135] cloud-init[696]: ci-info: |   7   |   ff00::/8  |    ::   |   enp0s3  |   U   |
[   20.099978] cloud-init[696]: ci-info: +-------+-------------+---------+-----------+-------+
[[0;32m  OK  [0m] Started Initial cloud-init job (metadata service crawler).
[[0;32m  OK  [0m] Reached target Network is Online.
         Starting Availability of block devices...
[[0;32m  OK  [0m] Reached target Remote File Systems (Pre).
[[0;32m  OK  [0m] Reached target Remote File Systems.
[[0;32m  OK  [0m] Reached target Cloud-config availability.
[[0;32m  OK  [0m] Reached target System Initialization.
[[0;32m  OK  [0m] Started ACPI Events Check.
[[0;32m  OK  [0m] Reached target Paths.
[[0;32m  OK  [0m] Started Daily Cleanup of Temporary Directories.
[[0;32m  OK  [0m] Started Daily apt download activities.
[[0;32m  OK  [0m] Started Discard unused blocks once a week.
[[0;32m  OK  [0m] Started Daily apt upgrade and clean activities.
[[0;32m  OK  [0m] Listening on ACPID Listen Socket.
[[0;32m  OK  [0m] Listening on Open-iSCSI iscsid Socket.
[[0;32m  OK  [0m] Started Message of the Day.
[[0;32m  OK  [0m] Listening on UUID daemon activation socket.
[[0;32m  OK  [0m] Reached target Timers.
         Starting Socket activation for snappy daemon.
[[0;32m  OK  [0m] Listening on D-Bus System Message Bus Socket.
         Starting LXD - unix socket.
[[0;32m  OK  [0m] Started Availability of block devices.
[[0;32m  OK  [0m] Listening on Socket activation for snappy daemon.
[[0;32m  OK  [0m] Listening on LXD - unix socket.
[[0;32m  OK  [0m] Reached target Sockets.
[[0;32m  OK  [0m] Reached target Basic System.
         Starting Permit User Sessions...
         Starting System Logging Service...
         Starting Dispatcher daemon for systemd-networkd...
         Starting Virtualbox guest utils...
         Starting Login Service...
[[0;32m  OK  [0m] Started Deferred execution scheduler.
[[0;32m  OK  [0m] Started Regular background program processing daemon.
         Starting Discard unused blocks...
[[0;32m  OK  [0m] Started FUSE filesystem for LXC.
         Starting Accounts Service...
         Starting LSB: Record successful boot for GRUB...
         Starting OpenBSD Secure Shell server...
         Starting Message of the Day...
[[0;32m  OK  [0m] Started D-Bus System Message Bus.
[[0;32m  OK  [0m] Started Login Service.
[[0;32m  OK  [0m] Started Unattended Upgrades Shutdown.
         Starting LXD - container startup/shutdown...
[[0;32m  OK  [0m] Started irqbalance daemon.
         Starting LSB: automatic crash report generation...
         Starting Snap Daemon...
[[0;32m  OK  [0m] Started System Logging Service.
[[0;32m  OK  [0m] Started Permit User Sessions.
[[0;32m  OK  [0m] Started Discard unused blocks.
         Starting Hold until boot process finishes up...
         Starting Terminate Plymouth Boot Screen...
[[0;32m  OK  [0m] Started Hold until boot process finishes up.
[[0;32m  OK  [0m] Started Serial Getty on ttyS0.
         Starting Set console scheme...
[[0;32m  OK  [0m] Started Terminate Plymouth Boot Screen.
[[0;32m  OK  [0m] Started Set console scheme.
[[0;32m  OK  [0m] Created slice system-getty.slice.
[[0;32m  OK  [0m] Started Getty on tty1.
[[0;32m  OK  [0m] Reached target Login Prompts.
         Starting Authorization Manager...
[[0;32m  OK  [0m] Started LSB: automatic crash report generation.
[[0;32m  OK  [0m] Started LSB: Record successful boot for GRUB.
[[0;32m  OK  [0m] Started OpenBSD Secure Shell server.
[[0;32m  OK  [0m] Started Dispatcher daemon for systemd-networkd.
[[0;32m  OK  [0m] Started Virtualbox guest utils.
[[0;32m  OK  [0m] Started Authorization Manager.
[[0;32m  OK  [0m] Started Accounts Service.
[[0;32m  OK  [0m] Started LXD - container startup/shutdown.
[[0;32m  OK  [0m] Started Message of the Day.
[[0;32m  OK  [0m] Started Snap Daemon.
         Starting Wait until snapd is fully seeded...
[[0;32m  OK  [0m] Started Wait until snapd is fully seeded.
         Starting Apply the settings specified in cloud-config...
[[0;32m  OK  [0m] Reached target Multi-User System.
[[0;32m  OK  [0m] Reached target Graphical Interface.
         Starting Update UTMP about System Runlevel Changes...
[[0;32m  OK  [0m] Started Update UTMP about System Runlevel Changes.
[[0;32m  OK  [0m] Created slice User Slice of vagrant.
         Starting User Manager for UID 1000...
[[0;32m  OK  [0m] Started Session 1 of user vagrant.
[   27.881932] cloud-init[1303]: Cloud-init v. 20.4.1-0ubuntu1~18.04.1 running 'modules:config' at Thu, 11 Feb 2021 00:17:17 +0000. Up 27.67 seconds.
[   28.384282] cloud-init[1403]: Cloud-init v. 20.4.1-0ubuntu1~18.04.1 running 'modules:final' at Thu, 11 Feb 2021 00:17:18 +0000. Up 28.21 seconds.
[   28.384424] cloud-init[1403]: Cloud-init v. 20.4.1-0ubuntu1~18.04.1 finished at Thu, 11 Feb 2021 00:17:18 +0000. Datasource DataSourceNoCloud [seed=/dev/sdb][dsmode=net].  Up 28.37 seconds

Ubuntu 18.04.5 LTS xilito ttyS0

xilito login:          Starting Load AppArmor profiles managed internally by snapd...
         Starting Socket activation for snappy daemon.
[[0;32m  OK  [0m] Listening on Socket activation for snappy daemon.
         Starting Wait until snapd is fully seeded...
         Starting Snap Daemon...
[[0;32m  OK  [0m] Started Load AppArmor profiles managed internally by snapd.
[[0;32m  OK  [0m] Started Snap Daemon.
[[0;32m  OK  [0m] Started Wait until snapd is fully seeded.
[[0;32m  OK  [0m] Started Daily apt upgrade and clean activities.
         Stopping User Manager for UID 1000...
[[0;32m  OK  [0m] Stopped target Host and Network Name Lookups.
[[0;32m  OK  [0m] Closed Load/Save RF Kill Switch Status /dev/rfkill Watch.
[[0;32m  OK  [0m] Stopped target Graphical Interface.
         Stopping Session 5 of user vagrant.
[[0;32m  OK  [0m] Stopped target Cloud-init target.
[[0;32m  OK  [0m] Stopped Execute cloud user/final scripts.
[[0;32m  OK  [0m] Stopped Apply the settings specified in cloud-config.
[[0;32m  OK  [0m] Stopped target Network is Online.
         Unmounting /vagrant...
[[0;32m  OK  [0m] Stopped target Timers.
[[0;32m  OK  [0m] Stopped Daily apt upgrade and clean activities.
[[0;32m  OK  [0m] Stopped Discard unused blocks once a week.
[[0;32m  OK  [0m] Stopped Daily apt download activities.
[[0;32m  OK  [0m] Stopped Daily Cleanup of Temporary Directories.
[[0;32m  OK  [0m] Stopped target Multi-User System.
         Stopping LSB: Record successful boot for GRUB...
         Stopping irqbalance daemon...
         Stopping Virtualbox guest utils...
         Stopping LXD - container startup/shutdown...
         Stopping Regular background program processing daemon...
         Stopping System Logging Service...
         Stopping Dispatcher daemon for systemd-networkd...
         Stopping D-Bus System Message Bus...
         Stopping Accounts Service...
         Stopping Authorization Manager...
         Stopping Deferred execution scheduler...
         Stopping Availability of block devices...
         Stopping OpenBSD Secure Shell server...
[[0;32m  OK  [0m] Stopped Wait until snapd is fully seeded.
         Stopping LSB: automatic crash report generation...
[[0;32m  OK  [0m] Stopped target Cloud-config availability.
[[0;32m  OK  [0m] Stopped target Login Prompts.
         Stopping Serial Getty on ttyS0...
         Stopping Getty on tty1...
         Stopping FUSE filesystem for LXC...
[[0;32m  OK  [0m] Stopped Message of the Day.
[[0;32m  OK  [0m] Stopped target System Time Synchronized.
[[0;32m  OK  [0m] Unmounted /var/lib/lxcfs.
[[0;32m  OK  [0m] Stopped Dispatcher daemon for systemd-networkd.
[[0;32m  OK  [0m] Stopped Deferred execution scheduler.
[[0;32m  OK  [0m] Stopped Regular background program processing daemon.
[[0;32m  OK  [0m] Stopped Accounts Service.
[[0;32m  OK  [0m] Stopped irqbalance daemon.
[[0;32m  OK  [0m] Stopped Serial Getty on ttyS0.
[[0;32m  OK  [0m] Stopped System Logging Service.
[[0;32m  OK  [0m] Stopped Getty on tty1.
[[0;32m  OK  [0m] Stopped Authorization Manager.
[[0;32m  OK  [0m] Stopped OpenBSD Secure Shell server.
[[0;32m  OK  [0m] Stopped D-Bus System Message Bus.
[[0;32m  OK  [0m] Stopped Session 5 of user vagrant.
[[0;32m  OK  [0m] Removed slice system-getty.slice.
[[0;32m  OK  [0m] Removed slice system-serial\x2dgetty.slice.
[[0;32m  OK  [0m] Stopped LXD - container startup/shutdown.
[[0;32m  OK  [0m] Unmounted /vagrant.
[[0;32m  OK  [0m] Stopped User Manager for UID 1000.
[[0;32m  OK  [0m] Removed slice User Slice of vagrant.
         Stopping Login Service...
         Stopping Permit User Sessions...
[[0;32m  OK  [0m] Stopped Availability of block devices.
[[0;32m  OK  [0m] Stopped Login Service.
[[0;32m  OK  [0m] Stopped FUSE filesystem for LXC.
[[0;32m  OK  [0m] Stopped Permit User Sessions.
[[0;32m  OK  [0m] Stopped target User and Group Name Lookups.
[[0;32m  OK  [0m] Stopped target Network.
         Stopping Network Name Resolution...
[[0;32m  OK  [0m] Stopped Network Name Resolution.
         Stopping Network Service...
[[0;32m  OK  [0m] Stopped Network Service.
[[0;32m  OK  [0m] Stopped target Network (Pre).
[[0;32m  OK  [0m] Stopped LSB: Record successful boot for GRUB.
[[0;32m  OK  [0m] Stopped LSB: automatic crash report generation.
[[0;32m  OK  [0m] Stopped target Remote File Systems.
[[0;32m  OK  [0m] Stopped target Remote File Systems (Pre).
[[0;32m  OK  [0m] Stopped Virtualbox guest utils.
[[0;32m  OK  [0m] Stopped target Basic System.
[[0;32m  OK  [0m] Stopped target Sockets.
[[0;32m  OK  [0m] Closed Syslog Socket.
[[0;32m  OK  [0m] Closed D-Bus System Message Bus Socket.
[[0;32m  OK  [0m] Closed Socket activation for snappy daemon.
[[0;32m  OK  [0m] Closed LXD - unix socket.
[[0;32m  OK  [0m] Closed UUID daemon activation socket.
[[0;32m  OK  [0m] Closed ACPID Listen Socket.
[[0;32m  OK  [0m] Closed Open-iSCSI iscsid Socket.
[[0;32m  OK  [0m] Stopped target Slices.
[[0;32m  OK  [0m] Removed slice User and Session Slice.
[[0;32m  OK  [0m] Stopped target Paths.
[[0;32m  OK  [0m] Stopped ACPI Events Check.
[[0;32m  OK  [0m] Stopped target System Initialization.
[[0;32m  OK  [0m] Stopped Apply Kernel Variables.
         Stopping Update UTMP about System Boot/Shutdown...
         Stopping Load/Save Random Seed...
[[0;32m  OK  [0m] Stopped Initial cloud-init job (metadata service crawler).
[[0;32m  OK  [0m] Stopped Initial cloud-init job (pre-networking).
[[0;32m  OK  [0m] Stopped Load Kernel Modules.
[[0;32m  OK  [0m] Stopped target Local Encrypted Volumes.
[[0;32m  OK  [0m] Stopped Forward Password Requests to Wall Directory Watch.
[[0;32m  OK  [0m] Stopped Dispatch Password Requests to Console Directory Watch.
[[0;32m  OK  [0m] Stopped Update UTMP about System Boot/Shutdown.
[[0;32m  OK  [0m] Stopped Create Volatile Files and Directories.
[[0;32m  OK  [0m] Stopped target Local File Systems.
         Unmounting /run/user/1000...
[[0;32m  OK  [0m] Unmounted /run/user/1000.
[[0;32m  OK  [0m] Reached target Unmount All Filesystems.
[[0;32m  OK  [0m] Stopped target Local File Systems (Pre).
         Stopping Monitoring of LVM2 mirrorsâ€¦ng dmeventd or progress polling...
[[0;32m  OK  [0m] Stopped Create Static Device Nodes in /dev.
[[0;32m  OK  [0m] Stopped target Swap.
[[0;32m  OK  [0m] Stopped Load/Save Random Seed.
[[0;32m  OK  [0m] Stopped Remount Root and Kernel File Systems.
[[0;32m  OK  [0m] Reached target Shutdown.
[[0;32m  OK  [0m] Reached target Final Step.
         Starting Power-Off...
[  372.199099] reboot: Power down
